{"ts": "2026-05-20T18:41:42Z", "ticket": "SCRUM-507", "issue_type": "Task", "exit": 2, "gaps": [{"rule_id": "AC.present", "section": "Acceptance criteria", "message": "missing 'Acceptance criteria' section"}]}
{"ts": "2026-05-20T18:44:15Z", "ticket": "SCRUM-507", "issue_type": "Task", "exit": 2, "gaps": [{"rule_id": "AC.present", "section": "Acceptance criteria", "message": "missing 'Acceptance criteria' section"}]}
{"ts": "2026-05-20T18:44:33Z", "ticket": "SCRUM-507", "issue_type": "Task", "exit": 0, "gaps": []}
{"ts": "2026-05-20T19:06:42Z", "ticket": "SCRUM-509", "issue_type": "Task", "exit": 0, "gaps": []}
{"ts": "2026-05-20T21:13:53Z", "ticket": "SCRUM-511", "issue_type": "Task", "exit": 0, "gaps": []}
{"ts": "2026-05-20T21:37:30Z", "ticket": "SCRUM-513", "issue_type": "Task", "exit": 0, "gaps": []}
{"ts": "2026-05-20T21:41:46Z", "ticket": "SCRUM-514", "issue_type": "Task", "exit": 0, "gaps": []}
{"ts": "2026-05-20T21:50:36Z", "ticket": "SCRUM-515", "issue_type": "Task", "exit": 0, "gaps": []}
{"ts": "2026-05-20T21:57:37Z", "ticket": "SCRUM-516", "issue_type": "Task", "exit": 0, "gaps": []}
{"ts": "2026-05-20T22:50:43Z", "ticket": "SCRUM-517", "issue_type": "Bug", "exit": 0, "gaps": []}
{"ts": "2026-05-20T22:59:47Z", "ticket": "SCRUM-518", "issue_type": "Bug", "exit": 0, "gaps": []}
{"ts": "2026-05-21T17:22:24Z", "ticket": "SCRUM-526", "issue_type": "Task", "exit": 0, "gaps": []}
{"ts": "2026-05-21T18:57:46Z", "ticket": "SCRUM-528", "issue_type": "Task", "exit": 0, "gaps": []}
{"ts": "2026-05-21T19:04:44Z", "ticket": "SCRUM-530", "issue_type": "Task", "exit": 0, "gaps": []}
{"ts": "2026-05-21T19:11:41Z", "ticket": "SCRUM-531", "issue_type": "Task", "exit": 0, "gaps": []}
{"ts": "2026-05-21T19:16:56Z", "ticket": "SCRUM-532", "issue_type": "Task", "exit": 0, "gaps": []}
{"ts": "2026-05-21T20:04:06Z", "ticket": "SCRUM-533", "issue_type": "Task", "exit": 0, "gaps": []}
{"ts": "2026-05-21T20:28:00Z", "ticket": "SCRUM-428", "issue_type": "Task", "exit": 2, "gaps": [{"rule_id": "AC.present", "section": "Acceptance criteria", "message": "missing 'Acceptance criteria' section"}]}
{"ts": "2026-05-21T20:50:57Z", "ticket": "SCRUM-534", "issue_type": "Bug", "exit": 0, "gaps": []}
{"ts": "2026-05-21T20:55:55Z", "ticket": "SCRUM-534", "issue_type": "PR", "exit": 0, "gaps": []}
{"ts": "2026-05-21T21:09:28Z", "ticket": "SCRUM-535", "issue_type": "Bug", "exit": 0, "gaps": []}
{"ts": "2026-05-21T21:12:30Z", "ticket": "SCRUM-535", "issue_type": "PR", "exit": 0, "gaps": []}
{"ts": "2026-05-21T21:26:46Z", "ticket": "SCRUM-536", "issue_type": "Task", "exit": 0, "gaps": []}
{"ts": "2026-05-21T21:28:21Z", "ticket": "SCRUM-536", "issue_type": "PR", "exit": 0, "gaps": []}
{"ts": "2026-05-21T21:30:47Z", "ticket": "SCRUM-537", "issue_type": "Task", "exit": 0, "gaps": []}
{"ts": "2026-05-21T21:35:56Z", "ticket": "SCRUM-537", "issue_type": "PR", "exit": 0, "gaps": []}
{"ts": "2026-05-21T21:38:22Z", "ticket": "SCRUM-538", "issue_type": "Task", "exit": 0, "gaps": []}
{"ts": "2026-05-21T21:39:29Z", "ticket": "SCRUM-538", "issue_type": "PR", "exit": 0, "gaps": []}
{"ts": "2026-05-21T21:51:31Z", "ticket": "SCRUM-539", "issue_type": "Task", "exit": 0, "gaps": []}
{"ts": "2026-05-21T21:54:21Z", "ticket": "SCRUM-539", "issue_type": "PR", "exit": 0, "gaps": []}
{"ts": "2026-05-21T22:00:17Z", "ticket": "SCRUM-540", "issue_type": "Task", "exit": 0, "gaps": []}
{"ts": "2026-05-21T22:01:51Z", "ticket": "SCRUM-540", "issue_type": "PR", "exit": 0, "gaps": []}
{"ts": "2026-05-21T22:11:59Z", "ticket": "SCRUM-542", "issue_type": "Task", "exit": 0, "gaps": []}
{"ts": "2026-05-21T22:14:53Z", "ticket": "SCRUM-999", "issue_type": "Task", "exit": 0, "gaps": []}
{"ts": "2026-05-21T22:14:54Z", "ticket": "SCRUM-997", "issue_type": "Task", "exit": 2, "gaps": [{"rule_id": "AC.present", "section": "Acceptance criteria", "message": "missing 'Acceptance criteria' section"}]}
{"ts": "2026-05-21T22:14:54Z", "ticket": "SCRUM-997", "issue_type": "Task", "exit": 0, "gaps": []}
{"ts": "2026-05-21T22:14:54Z", "ticket": "SCRUM-998", "issue_type": "Task", "exit": 2, "gaps": [{"rule_id": "AC.present", "section": "Acceptance criteria", "message": "missing 'Acceptance criteria' section"}]}
{"ts": "2026-05-21T22:14:54Z", "ticket": "SCRUM-996", "issue_type": "Task", "exit": 0, "gaps": []}
{"ts": "2026-05-21T22:14:54Z", "ticket": "SCRUM-995", "issue_type": "Task", "exit": 0, "gaps": []}
{"ts": "2026-05-21T22:15:00Z", "ticket": "SCRUM-999", "issue_type": "Task", "exit": 0, "gaps": []}
{"ts": "2026-05-21T22:15:00Z", "ticket": "SCRUM-997", "issue_type": "Task", "exit": 2, "gaps": [{"rule_id": "AC.present", "section": "Acceptance criteria", "message": "missing 'Acceptance criteria' section"}]}
{"ts": "2026-05-21T22:15:00Z", "ticket": "SCRUM-997", "issue_type": "Task", "exit": 0, "gaps": []}
{"ts": "2026-05-21T22:15:00Z", "ticket": "SCRUM-998", "issue_type": "Task", "exit": 2, "gaps": [{"rule_id": "AC.present", "section": "Acceptance criteria", "message": "missing 'Acceptance criteria' section"}]}
{"ts": "2026-05-21T22:15:00Z", "ticket": "SCRUM-996", "issue_type": "Task", "exit": 0, "gaps": []}
{"ts": "2026-05-21T22:15:00Z", "ticket": "SCRUM-995", "issue_type": "Task", "exit": 0, "gaps": []}
{"ts": "2026-05-21T22:15:41Z", "ticket": "SCRUM-542", "issue_type": "PR", "exit": 0, "gaps": []}
{"ts": "2026-05-21T22:22:06Z", "ticket": "SCRUM-543", "issue_type": "Task", "exit": 0, "gaps": []}
{"ts": "2026-05-21T22:23:48Z", "ticket": "SCRUM-999", "issue_type": "PR", "exit": 0, "gaps": []}
{"ts": "2026-05-21T22:23:48Z", "ticket": "SCRUM-999", "issue_type": "PR", "exit": 0, "gaps": []}
{"ts": "2026-05-21T22:23:48Z", "ticket": "SCRUM-999", "issue_type": "PR", "exit": 2, "gaps": [{"rule_id": "PR.test_plan", "section": "Test plan", "message": "PR requires a 'Test plan' section"}]}
{"ts": "2026-05-21T22:23:48Z", "ticket": "SCRUM-999", "issue_type": "PR", "exit": 2, "gaps": [{"rule_id": "PR.test_plan", "section": "Test plan", "message": "Test plan section needs at least one checkbox item"}]}
{"ts": "2026-05-21T22:23:48Z", "ticket": "SCRUM-999", "issue_type": "PR", "exit": 2, "gaps": [{"rule_id": "PR.test_plan", "section": "Test plan", "message": "PR requires a 'Test plan' section"}]}
{"ts": "2026-05-21T22:23:49Z", "ticket": "SCRUM-999", "issue_type": "PR", "exit": 0, "gaps": []}
{"ts": "2026-05-21T22:24:40Z", "ticket": "SCRUM-999", "issue_type": "PR", "exit": 0, "gaps": []}
{"ts": "2026-05-21T22:24:40Z", "ticket": "SCRUM-999", "issue_type": "PR", "exit": 0, "gaps": []}
{"ts": "2026-05-21T22:24:40Z", "ticket": "SCRUM-999", "issue_type": "PR", "exit": 2, "gaps": [{"rule_id": "PR.test_plan", "section": "Test plan", "message": "PR requires a 'Test plan' section"}]}
{"ts": "2026-05-21T22:24:40Z", "ticket": "SCRUM-999", "issue_type": "PR", "exit": 0, "gaps": []}
{"ts": "2026-05-21T22:24:40Z", "ticket": "SCRUM-999", "issue_type": "PR", "exit": 2, "gaps": [{"rule_id": "PR.test_plan", "section": "Test plan", "message": "PR requires a 'Test plan' section"}]}
{"ts": "2026-05-21T22:24:40Z", "ticket": "SCRUM-999", "issue_type": "PR", "exit": 0, "gaps": []}
{"ts": "2026-05-21T22:24:46Z", "ticket": "SCRUM-999", "issue_type": "PR", "exit": 0, "gaps": []}
{"ts": "2026-05-21T22:24:46Z", "ticket": "SCRUM-999", "issue_type": "PR", "exit": 0, "gaps": []}
{"ts": "2026-05-21T22:24:46Z", "ticket": "SCRUM-999", "issue_type": "PR", "exit": 2, "gaps": [{"rule_id": "PR.test_plan", "section": "Test plan", "message": "PR requires a 'Test plan' section"}]}
{"ts": "2026-05-21T22:24:46Z", "ticket": "SCRUM-999", "issue_type": "PR", "exit": 0, "gaps": []}
{"ts": "2026-05-21T22:24:46Z", "ticket": "SCRUM-999", "issue_type": "PR", "exit": 2, "gaps": [{"rule_id": "PR.test_plan", "section": "Test plan", "message": "PR requires a 'Test plan' section"}]}
{"ts": "2026-05-21T22:24:47Z", "ticket": "SCRUM-999", "issue_type": "PR", "exit": 0, "gaps": []}
{"ts": "2026-05-21T22:24:47Z", "ticket": "SCRUM-999", "issue_type": "Task", "exit": 0, "gaps": []}
{"ts": "2026-05-21T22:24:47Z", "ticket": "SCRUM-997", "issue_type": "Task", "exit": 2, "gaps": [{"rule_id": "AC.present", "section": "Acceptance criteria", "message": "missing 'Acceptance criteria' section"}]}
{"ts": "2026-05-21T22:24:47Z", "ticket": "SCRUM-997", "issue_type": "Task", "exit": 0, "gaps": []}
{"ts": "2026-05-21T22:24:47Z", "ticket": "SCRUM-998", "issue_type": "Task", "exit": 2, "gaps": [{"rule_id": "AC.present", "section": "Acceptance criteria", "message": "missing 'Acceptance criteria' section"}]}
{"ts": "2026-05-21T22:24:47Z", "ticket": "SCRUM-996", "issue_type": "Task", "exit": 0, "gaps": []}
{"ts": "2026-05-21T22:24:47Z", "ticket": "SCRUM-995", "issue_type": "Task", "exit": 0, "gaps": []}
{"ts": "2026-05-21T22:25:29Z", "ticket": "SCRUM-543", "issue_type": "PR", "exit": 0, "gaps": []}
{"ts": "2026-05-21T23:24:53Z", "ticket": "SCRUM-544", "issue_type": "Task", "exit": 0, "gaps": []}
{"ts": "2026-05-21T23:27:03Z", "ticket": "SCRUM-999", "issue_type": "PR", "exit": 0, "gaps": []}
{"ts": "2026-05-21T23:27:03Z", "ticket": "SCRUM-999", "issue_type": "PR", "exit": 0, "gaps": []}
{"ts": "2026-05-21T23:27:03Z", "ticket": "SCRUM-999", "issue_type": "PR", "exit": 2, "gaps": [{"rule_id": "PR.test_plan", "section": "Test plan", "message": "PR requires a 'Test plan' section"}]}
{"ts": "2026-05-21T23:27:03Z", "ticket": "SCRUM-999", "issue_type": "PR", "exit": 0, "gaps": []}
{"ts": "2026-05-21T23:27:03Z", "ticket": "SCRUM-999", "issue_type": "PR", "exit": 2, "gaps": [{"rule_id": "PR.test_plan", "section": "Test plan", "message": "PR requires a 'Test plan' section"}]}
{"ts": "2026-05-21T23:27:03Z", "ticket": "SCRUM-999", "issue_type": "PR", "exit": 0, "gaps": []}
{"ts": "2026-05-21T23:27:04Z", "ticket": "SCRUM-999", "issue_type": "Task", "exit": 0, "gaps": []}
{"ts": "2026-05-21T23:27:04Z", "ticket": "SCRUM-997", "issue_type": "Task", "exit": 2, "gaps": [{"rule_id": "AC.present", "section": "Acceptance criteria", "message": "missing 'Acceptance criteria' section"}]}
{"ts": "2026-05-21T23:27:04Z", "ticket": "SCRUM-997", "issue_type": "Task", "exit": 0, "gaps": []}
{"ts": "2026-05-21T23:27:04Z", "ticket": "SCRUM-998", "issue_type": "Task", "exit": 2, "gaps": [{"rule_id": "AC.present", "section": "Acceptance criteria", "message": "missing 'Acceptance criteria' section"}]}
{"ts": "2026-05-21T23:27:04Z", "ticket": "SCRUM-996", "issue_type": "Task", "exit": 0, "gaps": []}
{"ts": "2026-05-21T23:27:04Z", "ticket": "SCRUM-995", "issue_type": "Task", "exit": 0, "gaps": []}
{"ts": "2026-05-21T23:27:42Z", "ticket": "SCRUM-544", "issue_type": "PR", "exit": 0, "gaps": []}
{"ts": "2026-05-21T23:37:48Z", "ticket": "SCRUM-545", "issue_type": "Task", "exit": 0, "gaps": []}
{"ts": "2026-05-21T23:43:59Z", "ticket": "SCRUM-545", "issue_type": "PR", "exit": 0, "gaps": []}
{"ts": "2026-05-21T23:51:12Z", "ticket": "SCRUM-547", "issue_type": "Bug", "exit": 0, "gaps": []}
{"ts": "2026-05-21T23:52:08Z", "ticket": "SCRUM-999", "issue_type": "Task", "exit": 0, "gaps": []}
{"ts": "2026-05-21T23:52:08Z", "ticket": "SCRUM-997", "issue_type": "Task", "exit": 2, "gaps": [{"rule_id": "AC.present", "section": "Acceptance criteria", "message": "missing 'Acceptance criteria' section"}]}
{"ts": "2026-05-21T23:52:08Z", "ticket": "SCRUM-997", "issue_type": "Task", "exit": 0, "gaps": []}
{"ts": "2026-05-21T23:52:09Z", "ticket": "SCRUM-998", "issue_type": "Task", "exit": 2, "gaps": [{"rule_id": "AC.present", "section": "Acceptance criteria", "message": "missing 'Acceptance criteria' section"}]}
{"ts": "2026-05-21T23:52:09Z", "ticket": "SCRUM-996", "issue_type": "Task", "exit": 0, "gaps": []}
{"ts": "2026-05-21T23:52:09Z", "ticket": "SCRUM-995", "issue_type": "Task", "exit": 0, "gaps": []}
{"ts": "2026-05-21T23:52:09Z", "ticket": "SCRUM-999", "issue_type": "PR", "exit": 0, "gaps": []}
{"ts": "2026-05-21T23:52:09Z", "ticket": "SCRUM-999", "issue_type": "PR", "exit": 0, "gaps": []}
{"ts": "2026-05-21T23:52:09Z", "ticket": "SCRUM-999", "issue_type": "PR", "exit": 2, "gaps": [{"rule_id": "PR.test_plan", "section": "Test plan", "message": "PR requires a 'Test plan' section"}]}
{"ts": "2026-05-21T23:52:10Z", "ticket": "SCRUM-999", "issue_type": "PR", "exit": 0, "gaps": []}
{"ts": "2026-05-21T23:52:10Z", "ticket": "SCRUM-999", "issue_type": "PR", "exit": 2, "gaps": [{"rule_id": "PR.test_plan", "section": "Test plan", "message": "PR requires a 'Test plan' section"}]}
{"ts": "2026-05-21T23:52:10Z", "ticket": "SCRUM-999", "issue_type": "PR", "exit": 0, "gaps": []}
{"ts": "2026-05-21T23:52:53Z", "ticket": "SCRUM-547", "issue_type": "PR", "exit": 0, "gaps": []}
{"ts": "2026-05-21T23:55:15Z", "ticket": "SCRUM-546", "issue_type": "Task", "exit": 0, "gaps": []}
{"ts": "2026-05-21T23:57:37Z", "ticket": "SCRUM-546", "issue_type": "PR", "exit": 0, "gaps": []}
{"ts": "2026-05-22T00:02:18Z", "ticket": "SCRUM-548", "issue_type": "Bug", "exit": 0, "gaps": []}
{"ts": "2026-05-22T00:03:44Z", "ticket": "SCRUM-999", "issue_type": "PR", "exit": 0, "gaps": []}
{"ts": "2026-05-22T00:03:44Z", "ticket": "SCRUM-999", "issue_type": "PR", "exit": 0, "gaps": []}
{"ts": "2026-05-22T00:03:45Z", "ticket": "SCRUM-999", "issue_type": "PR", "exit": 2, "gaps": [{"rule_id": "PR.test_plan", "section": "Test plan", "message": "PR requires a 'Test plan' section"}]}
{"ts": "2026-05-22T00:03:45Z", "ticket": "SCRUM-999", "issue_type": "PR", "exit": 0, "gaps": []}
{"ts": "2026-05-22T00:03:45Z", "ticket": "SCRUM-999", "issue_type": "PR", "exit": 2, "gaps": [{"rule_id": "PR.test_plan", "section": "Test plan", "message": "PR requires a 'Test plan' section"}]}
{"ts": "2026-05-22T00:03:45Z", "ticket": "SCRUM-999", "issue_type": "PR", "exit": 0, "gaps": []}
{"ts": "2026-05-22T00:03:45Z", "ticket": "SCRUM-999", "issue_type": "Task", "exit": 0, "gaps": []}
{"ts": "2026-05-22T00:03:45Z", "ticket": "SCRUM-997", "issue_type": "Task", "exit": 2, "gaps": [{"rule_id": "AC.present", "section": "Acceptance criteria", "message": "missing 'Acceptance criteria' section"}]}
{"ts": "2026-05-22T00:03:45Z", "ticket": "SCRUM-997", "issue_type": "Task", "exit": 0, "gaps": []}
{"ts": "2026-05-22T00:03:45Z", "ticket": "SCRUM-998", "issue_type": "Task", "exit": 2, "gaps": [{"rule_id": "AC.present", "section": "Acceptance criteria", "message": "missing 'Acceptance criteria' section"}]}
{"ts": "2026-05-22T00:03:46Z", "ticket": "SCRUM-996", "issue_type": "Task", "exit": 0, "gaps": []}
{"ts": "2026-05-22T00:03:46Z", "ticket": "SCRUM-995", "issue_type": "Task", "exit": 0, "gaps": []}
{"ts": "2026-05-22T00:04:31Z", "ticket": "SCRUM-548", "issue_type": "PR", "exit": 0, "gaps": []}
{"ts": "2026-05-22T00:17:30Z", "ticket": "SCRUM-550", "issue_type": "Task", "exit": 0, "gaps": []}
